2026-05-25 16:35:27,037 - pipeline - INFO - Starting Explainable VNS Pipeline on REAL multi-subject CHB-MIT EEG
2026-05-25 16:35:27,048 - pipeline - INFO - Python Version: 3.10.11 (tags/v3.10.11:7d4cc5a, Apr  5 2023, 00:38:17) [MSC v.1929 64 bit (AMD64)]
2026-05-25 16:35:27,048 - pipeline - INFO - Package 'numpy': 2.2.6
2026-05-25 16:35:27,048 - pipeline - INFO - Package 'scipy': 1.15.3
2026-05-25 16:35:27,048 - pipeline - INFO - Package 'mne': 1.11.0
2026-05-25 16:35:27,048 - pipeline - INFO - Package 'pandas': 2.3.3
2026-05-25 16:35:27,048 - pipeline - INFO - Package 'scikit-learn': 1.7.2
2026-05-25 16:35:27,048 - pipeline - INFO - Package 'xgboost': 3.2.0
2026-05-25 16:35:27,048 - pipeline - INFO - Package 'lightgbm': 4.6.0
2026-05-25 16:35:27,048 - pipeline - INFO - Package 'shap': 0.49.1
2026-05-25 16:35:27,048 - pipeline - INFO - Package 'matplotlib': 3.10.8
2026-05-25 16:35:27,048 - pipeline - INFO - Package 'seaborn': 0.13.2
2026-05-25 16:35:27,048 - pipeline - INFO - Package 'pyyaml': 6.0.3
2026-05-25 16:35:27,048 - pipeline - INFO - Using CHB-MIT data directory: C:\work\explainable-AI\data\external\chbmit
2026-05-25 16:35:27,062 - load_chbmit - INFO - 22 summary-listed EDF files for chb01 are absent locally and were skipped.
2026-05-25 16:35:27,200 - load_chbmit - INFO - 27 summary-listed EDF files for chb02 are absent locally and were skipped.
2026-05-25 16:35:27,214 - load_chbmit - INFO - 25 summary-listed EDF files for chb03 are absent locally and were skipped.
2026-05-25 16:35:27,258 - load_chbmit - INFO - 25 summary-listed EDF files for chb05 are absent locally and were skipped.
2026-05-25 16:35:27,280 - load_chbmit - INFO - 6 summary-listed EDF files for chb08 are absent locally and were skipped.
2026-05-25 16:35:27,313 - load_chbmit - INFO - Saved dataset summary to C:\work\explainable-AI\results\tables\table1_dataset_summary.csv
2026-05-25 16:35:27,313 - load_chbmit - INFO - Saved channel selection report to C:\work\explainable-AI\results\reports\channel_selection_real_eeg.md
2026-05-25 16:35:27,313 - pipeline - INFO - Processing EDF 1/70: chb01 chb01_01.edf
2026-05-25 16:35:27,730 - make_windows - INFO - Creating 1799 windows of 4.000s for chb01 chb01_01.edf
2026-05-25 16:35:27,763 - eeg_features - INFO - Extracting features for 1799 windows
2026-05-25 16:35:29,913 - pipeline - INFO - Processing EDF 2/70: chb01 chb01_02.edf
2026-05-25 16:35:30,134 - make_windows - INFO - Creating 1799 windows of 4.000s for chb01 chb01_02.edf
2026-05-25 16:35:30,179 - eeg_features - INFO - Extracting features for 1799 windows
2026-05-25 16:35:32,345 - pipeline - INFO - Processing EDF 3/70: chb01 chb01_03.edf
2026-05-25 16:35:32,563 - make_windows - INFO - Creating 1799 windows of 4.000s for chb01 chb01_03.edf
2026-05-25 16:35:32,609 - eeg_features - INFO - Extracting features for 1799 windows
2026-05-25 16:35:34,864 - pipeline - INFO - Processing EDF 4/70: chb01 chb01_04.edf
2026-05-25 16:35:35,080 - make_windows - INFO - Creating 1799 windows of 4.000s for chb01 chb01_04.edf
2026-05-25 16:35:35,113 - eeg_features - INFO - Extracting features for 1799 windows
2026-05-25 16:35:37,347 - pipeline - INFO - Processing EDF 5/70: chb01 chb01_05.edf
2026-05-25 16:35:37,581 - make_windows - INFO - Creating 1799 windows of 4.000s for chb01 chb01_05.edf
2026-05-25 16:35:37,633 - eeg_features - INFO - Extracting features for 1799 windows
2026-05-25 16:35:39,898 - pipeline - INFO - Processing EDF 6/70: chb01 chb01_06.edf
2026-05-25 16:35:40,125 - make_windows - INFO - Creating 1799 windows of 4.000s for chb01 chb01_06.edf
2026-05-25 16:35:40,164 - eeg_features - INFO - Extracting features for 1799 windows
2026-05-25 16:35:42,380 - pipeline - INFO - Processing EDF 7/70: chb01 chb01_14.edf
2026-05-25 16:35:42,596 - make_windows - INFO - Creating 1799 windows of 4.000s for chb01 chb01_14.edf
2026-05-25 16:35:42,630 - eeg_features - INFO - Extracting features for 1799 windows
2026-05-25 16:35:44,797 - pipeline - INFO - Processing EDF 8/70: chb01 chb01_15.edf
2026-05-25 16:35:45,028 - make_windows - INFO - Creating 1799 windows of 4.000s for chb01 chb01_15.edf
2026-05-25 16:35:45,078 - eeg_features - INFO - Extracting features for 1799 windows
2026-05-25 16:35:47,266 - pipeline - INFO - Processing EDF 9/70: chb01 chb01_16.edf
2026-05-25 16:35:47,463 - make_windows - INFO - Creating 1799 windows of 4.000s for chb01 chb01_16.edf
2026-05-25 16:35:47,516 - eeg_features - INFO - Extracting features for 1799 windows
2026-05-25 16:35:49,681 - pipeline - INFO - Processing EDF 10/70: chb01 chb01_17.edf
2026-05-25 16:35:49,923 - make_windows - INFO - Creating 1799 windows of 4.000s for chb01 chb01_17.edf
2026-05-25 16:35:49,970 - eeg_features - INFO - Extracting features for 1799 windows
2026-05-25 16:35:52,206 - pipeline - INFO - Processing EDF 11/70: chb01 chb01_18.edf
2026-05-25 16:35:52,413 - make_windows - INFO - Creating 1799 windows of 4.000s for chb01 chb01_18.edf
2026-05-25 16:35:52,463 - eeg_features - INFO - Extracting features for 1799 windows
2026-05-25 16:35:54,607 - pipeline - INFO - Processing EDF 12/70: chb01 chb01_19.edf
2026-05-25 16:35:54,825 - make_windows - INFO - Creating 1799 windows of 4.000s for chb01 chb01_19.edf
2026-05-25 16:35:54,867 - eeg_features - INFO - Extracting features for 1799 windows
2026-05-25 16:35:57,079 - pipeline - INFO - Processing EDF 13/70: chb01 chb01_20.edf
2026-05-25 16:35:57,248 - make_windows - INFO - Creating 1330 windows of 4.000s for chb01 chb01_20.edf
2026-05-25 16:35:57,280 - eeg_features - INFO - Extracting features for 1330 windows
2026-05-25 16:35:58,863 - pipeline - INFO - Processing EDF 14/70: chb01 chb01_21.edf
2026-05-25 16:35:59,096 - make_windows - INFO - Creating 1799 windows of 4.000s for chb01 chb01_21.edf
2026-05-25 16:35:59,140 - eeg_features - INFO - Extracting features for 1799 windows
2026-05-25 16:36:01,300 - pipeline - INFO - Processing EDF 15/70: chb01 chb01_22.edf
2026-05-25 16:36:01,513 - make_windows - INFO - Creating 1799 windows of 4.000s for chb01 chb01_22.edf
2026-05-25 16:36:01,547 - eeg_features - INFO - Extracting features for 1799 windows
2026-05-25 16:36:03,663 - pipeline - INFO - Processing EDF 16/70: chb01 chb01_23.edf
2026-05-25 16:36:03,880 - make_windows - INFO - Creating 1799 windows of 4.000s for chb01 chb01_23.edf
2026-05-25 16:36:03,930 - eeg_features - INFO - Extracting features for 1799 windows
2026-05-25 16:36:06,046 - pipeline - INFO - Processing EDF 17/70: chb01 chb01_24.edf
2026-05-25 16:36:06,279 - make_windows - INFO - Creating 1799 windows of 4.000s for chb01 chb01_24.edf
2026-05-25 16:36:06,313 - eeg_features - INFO - Extracting features for 1799 windows
2026-05-25 16:36:08,464 - pipeline - INFO - Processing EDF 18/70: chb01 chb01_25.edf
2026-05-25 16:36:08,680 - make_windows - INFO - Creating 1799 windows of 4.000s for chb01 chb01_25.edf
2026-05-25 16:36:08,729 - eeg_features - INFO - Extracting features for 1799 windows
2026-05-25 16:36:10,862 - pipeline - INFO - Processing EDF 19/70: chb01 chb01_26.edf
2026-05-25 16:36:11,013 - make_windows - INFO - Creating 1161 windows of 4.000s for chb01 chb01_26.edf
2026-05-25 16:36:11,045 - eeg_features - INFO - Extracting features for 1161 windows
2026-05-25 16:36:12,431 - pipeline - INFO - Processing EDF 20/70: chb01 chb01_27.edf
2026-05-25 16:36:12,473 - make_windows - INFO - Creating 299 windows of 4.000s for chb01 chb01_27.edf
2026-05-25 16:36:12,489 - eeg_features - INFO - Extracting features for 299 windows
2026-05-25 16:36:12,843 - pipeline - INFO - Processing EDF 21/70: chb02 chb02_01.edf
2026-05-25 16:36:13,071 - make_windows - INFO - Creating 1799 windows of 4.000s for chb02 chb02_01.edf
2026-05-25 16:36:13,114 - eeg_features - INFO - Extracting features for 1799 windows
2026-05-25 16:36:15,254 - pipeline - INFO - Processing EDF 22/70: chb02 chb02_15.edf
2026-05-25 16:36:15,471 - make_windows - INFO - Creating 1799 windows of 4.000s for chb02 chb02_15.edf
2026-05-25 16:36:15,515 - eeg_features - INFO - Extracting features for 1799 windows
2026-05-25 16:36:17,749 - pipeline - INFO - Processing EDF 23/70: chb02 chb02_16.edf
2026-05-25 16:36:17,805 - make_windows - INFO - Creating 478 windows of 4.000s for chb02 chb02_16.edf
2026-05-25 16:36:17,821 - eeg_features - INFO - Extracting features for 478 windows
2026-05-25 16:36:18,420 - pipeline - INFO - Processing EDF 24/70: chb02 chb02_16+.edf
2026-05-25 16:36:18,629 - make_windows - INFO - Creating 1799 windows of 4.000s for chb02 chb02_16+.edf
2026-05-25 16:36:18,672 - eeg_features - INFO - Extracting features for 1799 windows
2026-05-25 16:36:20,883 - pipeline - INFO - Processing EDF 25/70: chb02 chb02_17.edf
2026-05-25 16:36:21,117 - make_windows - INFO - Creating 1799 windows of 4.000s for chb02 chb02_17.edf
2026-05-25 16:36:21,162 - eeg_features - INFO - Extracting features for 1799 windows
2026-05-25 16:36:23,363 - pipeline - INFO - Processing EDF 26/70: chb02 chb02_18.edf
2026-05-25 16:36:23,563 - make_windows - INFO - Creating 1799 windows of 4.000s for chb02 chb02_18.edf
2026-05-25 16:36:23,618 - eeg_features - INFO - Extracting features for 1799 windows
2026-05-25 16:36:25,754 - pipeline - INFO - Processing EDF 27/70: chb02 chb02_19.edf
2026-05-25 16:36:25,976 - make_windows - INFO - Creating 1799 windows of 4.000s for chb02 chb02_19.edf
2026-05-25 16:36:26,024 - eeg_features - INFO - Extracting features for 1799 windows
2026-05-25 16:36:28,229 - pipeline - INFO - Processing EDF 28/70: chb02 chb02_20.edf
2026-05-25 16:36:28,447 - make_windows - INFO - Creating 1799 windows of 4.000s for chb02 chb02_20.edf
2026-05-25 16:36:28,480 - eeg_features - INFO - Extracting features for 1799 windows
2026-05-25 16:36:30,679 - pipeline - INFO - Processing EDF 29/70: chb02 chb02_21.edf
2026-05-25 16:36:30,896 - make_windows - INFO - Creating 1799 windows of 4.000s for chb02 chb02_21.edf
2026-05-25 16:36:30,930 - eeg_features - INFO - Extracting features for 1799 windows
2026-05-25 16:36:33,162 - pipeline - INFO - Processing EDF 30/70: chb03 chb03_01.edf
2026-05-25 16:36:33,379 - make_windows - INFO - Creating 1799 windows of 4.000s for chb03 chb03_01.edf
2026-05-25 16:36:33,429 - eeg_features - INFO - Extracting features for 1799 windows
2026-05-25 16:36:35,579 - pipeline - INFO - Processing EDF 31/70: chb03 chb03_02.edf
2026-05-25 16:36:35,796 - make_windows - INFO - Creating 1799 windows of 4.000s for chb03 chb03_02.edf
2026-05-25 16:36:35,846 - eeg_features - INFO - Extracting features for 1799 windows
2026-05-25 16:36:37,968 - pipeline - INFO - Processing EDF 32/70: chb03 chb03_03.edf
2026-05-25 16:36:38,179 - make_windows - INFO - Creating 1799 windows of 4.000s for chb03 chb03_03.edf
2026-05-25 16:36:38,229 - eeg_features - INFO - Extracting features for 1799 windows
2026-05-25 16:36:40,397 - pipeline - INFO - Processing EDF 33/70: chb03 chb03_04.edf
2026-05-25 16:36:40,614 - make_windows - INFO - Creating 1799 windows of 4.000s for chb03 chb03_04.edf
2026-05-25 16:36:40,647 - eeg_features - INFO - Extracting features for 1799 windows
2026-05-25 16:36:42,812 - pipeline - INFO - Processing EDF 34/70: chb03 chb03_05.edf
2026-05-25 16:36:43,012 - make_windows - INFO - Creating 1799 windows of 4.000s for chb03 chb03_05.edf
2026-05-25 16:36:43,062 - eeg_features - INFO - Extracting features for 1799 windows
2026-05-25 16:36:45,197 - pipeline - INFO - Processing EDF 35/70: chb03 chb03_31.edf
2026-05-25 16:36:45,413 - make_windows - INFO - Creating 1799 windows of 4.000s for chb03 chb03_31.edf
2026-05-25 16:36:45,446 - eeg_features - INFO - Extracting features for 1799 windows
2026-05-25 16:36:47,579 - pipeline - INFO - Processing EDF 36/70: chb03 chb03_32.edf
2026-05-25 16:36:47,796 - make_windows - INFO - Creating 1799 windows of 4.000s for chb03 chb03_32.edf
2026-05-25 16:36:47,854 - eeg_features - INFO - Extracting features for 1799 windows
2026-05-25 16:36:50,012 - pipeline - INFO - Processing EDF 37/70: chb03 chb03_33.edf
2026-05-25 16:36:50,224 - make_windows - INFO - Creating 1799 windows of 4.000s for chb03 chb03_33.edf
2026-05-25 16:36:50,262 - eeg_features - INFO - Extracting features for 1799 windows
2026-05-25 16:36:52,446 - pipeline - INFO - Processing EDF 38/70: chb03 chb03_34.edf
2026-05-25 16:36:52,647 - make_windows - INFO - Creating 1799 windows of 4.000s for chb03 chb03_34.edf
2026-05-25 16:36:52,698 - eeg_features - INFO - Extracting features for 1799 windows
2026-05-25 16:36:54,812 - pipeline - INFO - Processing EDF 39/70: chb03 chb03_35.edf
2026-05-25 16:36:55,031 - make_windows - INFO - Creating 1799 windows of 4.000s for chb03 chb03_35.edf
2026-05-25 16:36:55,084 - eeg_features - INFO - Extracting features for 1799 windows
2026-05-25 16:36:57,224 - pipeline - INFO - Processing EDF 40/70: chb03 chb03_36.edf
2026-05-25 16:36:57,446 - make_windows - INFO - Creating 1799 windows of 4.000s for chb03 chb03_36.edf
2026-05-25 16:36:57,496 - eeg_features - INFO - Extracting features for 1799 windows
2026-05-25 16:36:59,612 - pipeline - INFO - Processing EDF 41/70: chb03 chb03_37.edf
2026-05-25 16:36:59,812 - make_windows - INFO - Creating 1799 windows of 4.000s for chb03 chb03_37.edf
2026-05-25 16:36:59,862 - eeg_features - INFO - Extracting features for 1799 windows
2026-05-25 16:37:02,031 - pipeline - INFO - Processing EDF 42/70: chb03 chb03_38.edf
2026-05-25 16:37:02,246 - make_windows - INFO - Creating 1799 windows of 4.000s for chb03 chb03_38.edf
2026-05-25 16:37:02,294 - eeg_features - INFO - Extracting features for 1799 windows
2026-05-25 16:37:04,462 - pipeline - INFO - Processing EDF 43/70: chb05 chb05_01.edf
2026-05-25 16:37:04,662 - make_windows - INFO - Creating 1804 windows of 4.000s for chb05 chb05_01.edf
2026-05-25 16:37:04,729 - eeg_features - INFO - Extracting features for 1804 windows
2026-05-25 16:37:06,946 - pipeline - INFO - Processing EDF 44/70: chb05 chb05_05.edf
2026-05-25 16:37:07,162 - make_windows - INFO - Creating 1799 windows of 4.000s for chb05 chb05_05.edf
2026-05-25 16:37:07,196 - eeg_features - INFO - Extracting features for 1799 windows
2026-05-25 16:37:09,397 - pipeline - INFO - Processing EDF 45/70: chb05 chb05_06.edf
2026-05-25 16:37:09,613 - make_windows - INFO - Creating 1799 windows of 4.000s for chb05 chb05_06.edf
2026-05-25 16:37:09,651 - eeg_features - INFO - Extracting features for 1799 windows
2026-05-25 16:37:11,828 - pipeline - INFO - Processing EDF 46/70: chb05 chb05_07.edf
2026-05-25 16:37:12,041 - make_windows - INFO - Creating 1799 windows of 4.000s for chb05 chb05_07.edf
2026-05-25 16:37:12,091 - eeg_features - INFO - Extracting features for 1799 windows
2026-05-25 16:37:14,208 - pipeline - INFO - Processing EDF 47/70: chb05 chb05_12.edf
2026-05-25 16:37:14,429 - make_windows - INFO - Creating 1799 windows of 4.000s for chb05 chb05_12.edf
2026-05-25 16:37:14,463 - eeg_features - INFO - Extracting features for 1799 windows
2026-05-25 16:37:16,578 - pipeline - INFO - Processing EDF 48/70: chb05 chb05_13.edf
2026-05-25 16:37:16,795 - make_windows - INFO - Creating 1799 windows of 4.000s for chb05 chb05_13.edf
2026-05-25 16:37:16,851 - eeg_features - INFO - Extracting features for 1799 windows
2026-05-25 16:37:18,978 - pipeline - INFO - Processing EDF 49/70: chb05 chb05_14.edf
2026-05-25 16:37:19,229 - make_windows - INFO - Creating 1799 windows of 4.000s for chb05 chb05_14.edf
2026-05-25 16:37:19,262 - eeg_features - INFO - Extracting features for 1799 windows
2026-05-25 16:37:21,396 - pipeline - INFO - Processing EDF 50/70: chb05 chb05_15.edf
2026-05-25 16:37:21,612 - make_windows - INFO - Creating 1799 windows of 4.000s for chb05 chb05_15.edf
2026-05-25 16:37:21,664 - eeg_features - INFO - Extracting features for 1799 windows
2026-05-25 16:37:23,820 - pipeline - INFO - Processing EDF 51/70: chb05 chb05_16.edf
2026-05-25 16:37:24,029 - make_windows - INFO - Creating 1799 windows of 4.000s for chb05 chb05_16.edf
2026-05-25 16:37:24,079 - eeg_features - INFO - Extracting features for 1799 windows
2026-05-25 16:37:26,187 - pipeline - INFO - Processing EDF 52/70: chb05 chb05_17.edf
2026-05-25 16:37:26,397 - make_windows - INFO - Creating 1799 windows of 4.000s for chb05 chb05_17.edf
2026-05-25 16:37:26,446 - eeg_features - INFO - Extracting features for 1799 windows
2026-05-25 16:37:28,866 - pipeline - INFO - Processing EDF 53/70: chb05 chb05_18.edf
2026-05-25 16:37:29,079 - make_windows - INFO - Creating 1799 windows of 4.000s for chb05 chb05_18.edf
2026-05-25 16:37:29,121 - eeg_features - INFO - Extracting features for 1799 windows
2026-05-25 16:37:31,431 - pipeline - INFO - Processing EDF 54/70: chb05 chb05_21.edf
2026-05-25 16:37:31,659 - make_windows - INFO - Creating 1799 windows of 4.000s for chb05 chb05_21.edf
2026-05-25 16:37:31,702 - eeg_features - INFO - Extracting features for 1799 windows
2026-05-25 16:37:34,216 - pipeline - INFO - Processing EDF 55/70: chb05 chb05_22.edf
2026-05-25 16:37:34,453 - make_windows - INFO - Creating 1799 windows of 4.000s for chb05 chb05_22.edf
2026-05-25 16:37:34,500 - eeg_features - INFO - Extracting features for 1799 windows
2026-05-25 16:37:37,027 - pipeline - INFO - Processing EDF 56/70: chb05 chb05_23.edf
2026-05-25 16:37:37,254 - make_windows - INFO - Creating 1799 windows of 4.000s for chb05 chb05_23.edf
2026-05-25 16:37:37,321 - eeg_features - INFO - Extracting features for 1799 windows
2026-05-25 16:37:39,904 - pipeline - INFO - Processing EDF 57/70: chb08 chb08_02.edf
2026-05-25 16:37:40,123 - make_windows - INFO - Creating 1799 windows of 4.000s for chb08 chb08_02.edf
2026-05-25 16:37:40,170 - eeg_features - INFO - Extracting features for 1799 windows
2026-05-25 16:37:42,653 - pipeline - INFO - Processing EDF 58/70: chb08 chb08_03.edf
2026-05-25 16:37:42,949 - make_windows - INFO - Creating 1799 windows of 4.000s for chb08 chb08_03.edf
2026-05-25 16:37:43,014 - eeg_features - INFO - Extracting features for 1799 windows
2026-05-25 16:37:45,617 - pipeline - INFO - Processing EDF 59/70: chb08 chb08_04.edf
2026-05-25 16:37:45,863 - make_windows - INFO - Creating 1799 windows of 4.000s for chb08 chb08_04.edf
2026-05-25 16:37:45,917 - eeg_features - INFO - Extracting features for 1799 windows
2026-05-25 16:37:48,482 - pipeline - INFO - Processing EDF 60/70: chb08 chb08_05.edf
2026-05-25 16:37:48,699 - make_windows - INFO - Creating 1799 windows of 4.000s for chb08 chb08_05.edf
2026-05-25 16:37:48,766 - eeg_features - INFO - Extracting features for 1799 windows
2026-05-25 16:37:51,417 - pipeline - INFO - Processing EDF 61/70: chb08 chb08_10.edf
2026-05-25 16:37:51,636 - make_windows - INFO - Creating 1799 windows of 4.000s for chb08 chb08_10.edf
2026-05-25 16:37:51,688 - eeg_features - INFO - Extracting features for 1799 windows
2026-05-25 16:37:54,295 - pipeline - INFO - Processing EDF 62/70: chb08 chb08_11.edf
2026-05-25 16:37:54,527 - make_windows - INFO - Creating 1799 windows of 4.000s for chb08 chb08_11.edf
2026-05-25 16:37:54,589 - eeg_features - INFO - Extracting features for 1799 windows
2026-05-25 16:37:57,303 - pipeline - INFO - Processing EDF 63/70: chb08 chb08_12.edf
2026-05-25 16:37:57,559 - make_windows - INFO - Creating 1799 windows of 4.000s for chb08 chb08_12.edf
2026-05-25 16:37:57,610 - eeg_features - INFO - Extracting features for 1799 windows
2026-05-25 16:38:00,338 - pipeline - INFO - Processing EDF 64/70: chb08 chb08_13.edf
2026-05-25 16:38:00,620 - make_windows - INFO - Creating 1799 windows of 4.000s for chb08 chb08_13.edf
2026-05-25 16:38:00,670 - eeg_features - INFO - Extracting features for 1799 windows
2026-05-25 16:38:03,270 - pipeline - INFO - Processing EDF 65/70: chb08 chb08_14.edf
2026-05-25 16:38:03,506 - make_windows - INFO - Creating 1799 windows of 4.000s for chb08 chb08_14.edf
2026-05-25 16:38:03,552 - eeg_features - INFO - Extracting features for 1799 windows
2026-05-25 16:38:06,136 - pipeline - INFO - Processing EDF 66/70: chb08 chb08_20.edf
2026-05-25 16:38:06,354 - make_windows - INFO - Creating 1799 windows of 4.000s for chb08 chb08_20.edf
2026-05-25 16:38:06,402 - eeg_features - INFO - Extracting features for 1799 windows
2026-05-25 16:38:09,089 - pipeline - INFO - Processing EDF 67/70: chb08 chb08_21.edf
2026-05-25 16:38:09,332 - make_windows - INFO - Creating 1799 windows of 4.000s for chb08 chb08_21.edf
2026-05-25 16:38:09,390 - eeg_features - INFO - Extracting features for 1799 windows
2026-05-25 16:38:12,136 - pipeline - INFO - Processing EDF 68/70: chb08 chb08_22.edf
2026-05-25 16:38:12,387 - make_windows - INFO - Creating 1799 windows of 4.000s for chb08 chb08_22.edf
2026-05-25 16:38:12,465 - eeg_features - INFO - Extracting features for 1799 windows
2026-05-25 16:38:15,044 - pipeline - INFO - Processing EDF 69/70: chb08 chb08_23.edf
2026-05-25 16:38:15,270 - make_windows - INFO - Creating 1799 windows of 4.000s for chb08 chb08_23.edf
2026-05-25 16:38:15,336 - eeg_features - INFO - Extracting features for 1799 windows
2026-05-25 16:38:17,942 - pipeline - INFO - Processing EDF 70/70: chb08 chb08_24.edf
2026-05-25 16:38:18,173 - make_windows - INFO - Creating 1799 windows of 4.000s for chb08 chb08_24.edf
2026-05-25 16:38:18,230 - eeg_features - INFO - Extracting features for 1799 windows
2026-05-25 16:38:21,137 - pipeline - INFO - Saved features to C:\work\explainable-AI\data\processed\chbmit_features.parquet
2026-05-25 16:38:25,185 - pipeline - INFO - Saved window labels to C:\work\explainable-AI\data\processed\chbmit_window_labels.csv
2026-05-25 16:38:25,466 - pipeline - INFO - Fold within_chb01: train windows=21588 positives=878; test windows=11785 positives=398
2026-05-25 16:38:25,475 - train_models - INFO - Training models: ['logistic_regression', 'random_forest', 'lightgbm']
2026-05-25 16:38:25,475 - train_models - INFO - Training Logistic Regression...
2026-05-25 16:38:25,576 - train_models - INFO - Training Random Forest...
2026-05-25 16:38:30,932 - train_models - INFO - Training LightGBM...
2026-05-25 16:38:33,161 - evaluate_models - INFO - Evaluating 3 models on 11785 test windows
2026-05-25 16:38:33,260 - simulate_vns_triggering - INFO - Simulating VNS triggering policies...
2026-05-25 16:38:33,639 - pipeline - INFO - Fold within_chb02: train windows=7674 positives=297; test windows=7196 positives=155
2026-05-25 16:38:33,641 - train_models - INFO - Training models: ['logistic_regression', 'random_forest', 'lightgbm']
2026-05-25 16:38:33,643 - train_models - INFO - Training Logistic Regression...
2026-05-25 16:38:33,667 - train_models - INFO - Training Random Forest...
2026-05-25 16:38:35,369 - train_models - INFO - Training LightGBM...
2026-05-25 16:38:35,515 - evaluate_models - INFO - Evaluating 3 models on 7196 test windows
2026-05-25 16:38:35,591 - simulate_vns_triggering - INFO - Simulating VNS triggering policies...
2026-05-25 16:38:35,857 - pipeline - INFO - Fold within_chb03: train windows=14392 positives=722; test windows=8995 positives=534
2026-05-25 16:38:35,872 - train_models - INFO - Training models: ['logistic_regression', 'random_forest', 'lightgbm']
2026-05-25 16:38:35,872 - train_models - INFO - Training Logistic Regression...
2026-05-25 16:38:35,964 - train_models - INFO - Training Random Forest...
2026-05-25 16:38:39,934 - train_models - INFO - Training LightGBM...
2026-05-25 16:38:40,119 - evaluate_models - INFO - Evaluating 3 models on 8995 test windows
2026-05-25 16:38:40,207 - simulate_vns_triggering - INFO - Simulating VNS triggering policies...
2026-05-25 16:38:40,573 - pipeline - INFO - Fold within_chb05: train windows=14397 positives=414; test windows=10794 positives=617
2026-05-25 16:38:40,573 - train_models - INFO - Training models: ['logistic_regression', 'random_forest', 'lightgbm']
2026-05-25 16:38:40,573 - train_models - INFO - Training Logistic Regression...
2026-05-25 16:38:40,668 - train_models - INFO - Training Random Forest...
2026-05-25 16:38:44,253 - train_models - INFO - Training LightGBM...
2026-05-25 16:38:44,437 - evaluate_models - INFO - Evaluating 3 models on 10794 test windows
2026-05-25 16:38:44,529 - simulate_vns_triggering - INFO - Simulating VNS triggering policies...
2026-05-25 16:38:44,944 - pipeline - INFO - Fold within_chb08: train windows=14392 positives=930; test windows=10794 positives=282
2026-05-25 16:38:44,954 - train_models - INFO - Training models: ['logistic_regression', 'random_forest', 'lightgbm']
2026-05-25 16:38:44,954 - train_models - INFO - Training Logistic Regression...
2026-05-25 16:38:45,029 - train_models - INFO - Training Random Forest...
2026-05-25 16:38:49,113 - train_models - INFO - Training LightGBM...
2026-05-25 16:38:49,284 - evaluate_models - INFO - Evaluating 3 models on 10794 test windows
2026-05-25 16:38:49,389 - simulate_vns_triggering - INFO - Simulating VNS triggering policies...
2026-05-25 16:38:49,871 - pipeline - INFO - Fold loso_chb01: train windows=88634 positives=3951; test windows=33373 positives=1276
2026-05-25 16:38:49,871 - train_models - INFO - Training models: ['logistic_regression', 'random_forest', 'lightgbm']
2026-05-25 16:38:49,886 - train_models - INFO - Training Logistic Regression...
2026-05-25 16:38:50,275 - train_models - INFO - Training Random Forest...
2026-05-25 16:39:28,037 - train_models - INFO - Training LightGBM...
2026-05-25 16:39:28,324 - evaluate_models - INFO - Evaluating 3 models on 33373 test windows
2026-05-25 16:39:28,664 - simulate_vns_triggering - INFO - Simulating VNS triggering policies...
2026-05-25 16:39:30,136 - pipeline - INFO - Fold loso_chb02: train windows=107137 positives=4775; test windows=14870 positives=452
2026-05-25 16:39:30,152 - train_models - INFO - Training models: ['logistic_regression', 'random_forest', 'lightgbm']
2026-05-25 16:39:30,152 - train_models - INFO - Training Logistic Regression...
2026-05-25 16:39:30,558 - train_models - INFO - Training Random Forest...
2026-05-25 16:40:16,042 - train_models - INFO - Training LightGBM...
2026-05-25 16:40:16,353 - evaluate_models - INFO - Evaluating 3 models on 14870 test windows
2026-05-25 16:40:16,509 - simulate_vns_triggering - INFO - Simulating VNS triggering policies...
2026-05-25 16:40:18,143 - pipeline - INFO - Fold loso_chb03: train windows=98620 positives=3971; test windows=23387 positives=1256
2026-05-25 16:40:18,168 - train_models - INFO - Training models: ['logistic_regression', 'random_forest', 'lightgbm']
2026-05-25 16:40:18,168 - train_models - INFO - Training Logistic Regression...
2026-05-25 16:40:18,470 - train_models - INFO - Training Random Forest...
2026-05-25 16:40:58,060 - train_models - INFO - Training LightGBM...
2026-05-25 16:40:58,377 - evaluate_models - INFO - Evaluating 3 models on 23387 test windows
2026-05-25 16:40:58,591 - simulate_vns_triggering - INFO - Simulating VNS triggering policies...
2026-05-25 16:41:00,070 - pipeline - INFO - Fold loso_chb05: train windows=96816 positives=4196; test windows=25191 positives=1031
2026-05-25 16:41:00,073 - train_models - INFO - Training models: ['logistic_regression', 'random_forest', 'lightgbm']
2026-05-25 16:41:00,073 - train_models - INFO - Training Logistic Regression...
2026-05-25 16:41:00,381 - train_models - INFO - Training Random Forest...
2026-05-25 16:41:41,497 - train_models - INFO - Training LightGBM...
2026-05-25 16:41:41,817 - evaluate_models - INFO - Evaluating 3 models on 25191 test windows
2026-05-25 16:41:42,088 - simulate_vns_triggering - INFO - Simulating VNS triggering policies...
2026-05-25 16:41:43,621 - pipeline - INFO - Fold loso_chb08: train windows=96821 positives=4015; test windows=25186 positives=1212
2026-05-25 16:41:43,651 - train_models - INFO - Training models: ['logistic_regression', 'random_forest', 'lightgbm']
2026-05-25 16:41:43,651 - train_models - INFO - Training Logistic Regression...
2026-05-25 16:41:44,073 - train_models - INFO - Training Random Forest...
2026-05-25 16:42:23,307 - train_models - INFO - Training LightGBM...
2026-05-25 16:42:23,578 - evaluate_models - INFO - Evaluating 3 models on 25186 test windows
2026-05-25 16:42:23,833 - simulate_vns_triggering - INFO - Simulating VNS triggering policies...
2026-05-25 16:42:25,239 - plot_results - INFO - Generating Figure 2: Model Performance
2026-05-25 16:42:25,980 - plot_results - INFO - Generating Figure 3: Global Explainability
2026-05-25 16:42:26,341 - plot_results - INFO - Generating Figure 4: Policy Comparison
2026-05-25 16:42:26,898 - plot_results - INFO - Generating Figure 5: Stimulation Burden Tradeoff
2026-05-25 16:42:27,315 - pipeline - INFO - Pipeline completed successfully on real multi-subject CHB-MIT EEG data.
